index.php?id=
trainers.php?id=
buy.php?category=
article.php?ID=
inurllay_old.php?id=
declaration_more.php?decl_id=
games.php?id=
inurlage.php?file=
newsDetail.php?id=
gallery.php?id=
article.php?id=
show.php?id=
newsitem.php?num=
readnews.php?id=
top10.php?cat=
historialeer.php?num=
reagir.php?num=
inurltray-Questions-View.php?num=
forum_bds.php?num=
game.php?id=
view_product.php?id=
newsone.php?id=
sw_comment.php?id=
news.php?id=
avd_start.php?avd=
event.php?id=
inurlroduct-item.php?id=
sql.php?id=
news_view.php?id=
select_biblio.php?id=
index.php?id=
trainers.php?id=
buy.php?category=
article.php?ID=
declaration_more.php?decl_id=
games.php?id=
newsDetail.php?id=
gallery.php?id=
article.php?id=
show.php?id=
staff_id=
newsitem.php?num=
readnews.php?id=
top10.php?cat=
historialeer.php?num=
reagir.php?num=
forum_bds.php?num=
game.php?id=
view_product.php?id=
newsone.php?id=
sw_comment.php?id=
news.php?id=
avd_start.php?avd=
event.php?id=
sql.php?id=
news_view.php?id=
select_biblio.php?id=
humor.php?id=
aboutbook.php?id=
fiche_spectacle.php?id=
communique_detail.php?id=
sem.php3?id=
kategorie.php4?id=
news.php?id=
index.php?id=
faq2.php?id=
show_an.php?id=
loadpsb.php?id=
spr.php?id=
announce.php?id=
clanek.php4?id=
download.php?id=
main.php?id=
review.php?id=
chappies.php?id=
read.php?id=
viewphoto.php?id=
article.php?id=
showimg.php?id=
view.php?id=
website.php?id=
hosting_info.php?id=
gallery.php?id=
rub.php?idr=
view_faq.php?id=
artikelinfo.php?id=
detail.php?ID=
index.php?=
category.php?id=
fellows.php?id=
downloads_info.php?id=
shop.php?do=part&id=
collectionitem.php?id=
band_info.php?id=
releases.php?id=
ray.php?id=
shopping.php?id=
viewshowdetail.php?id=
clubpage.php?id=
memberInfo.php?id=
section.php?id=
theme.php?id=
shredder-categories.php?id=
tradeCategory.php?id=
shop_category.php?id=
transcript.php?id=
channel_id=
item_id=
newsid=
trainers.php?id=
news-full.php?id=
news_display.php?getid=
index2.php?option=
readnews.php?id=
top10.php?cat=
newsone.php?id=
event.php?id=
sql.php?id=
aboutbook.php?id=
review.php?id=
loadpsb.php?id=
ages.php?id=
material.php?id=
clanek.php4?id=
announce.php?id=
chappies.php?id=
read.php?id=
viewapp.php?id=
viewphoto.php?id=
rub.php?idr=
galeri_info.php?l=
review.php?id=
iniziativa.php?in=
curriculum.php?id=
labels.php?id=
story.php?id=
look.php?ID=
newsone.php?id=
aboutbook.php?id=
material.php?id=
announce.php?id=
rub.php?idr=
galeri_info.php?l=
tekst.php?idt=
newscat.php?id=
newsticker_info.php?idn=
rubrika.php?idr=
rubp.php?idr=
art.php?idm=
title.php?id=
