inurl:wp-content/plugins/front-end-upload/
inurl:wp-content/plugins/omni-secure-files/
inurl:/wp-content/plugins/rbxgallery/
inurl:/wp-content/plugins/wpstorecart/
allinurl:/wp-content/plugins/wp-easy-gallery/
inurl:wp-content/plugins/front-file-manager/
inurl:/wp-content/plugins/html5avmanager/
inurl:/wp-content/plugins/store-locator-le/
inurl:/wp-content/plugins/wp-property/
inurl:/wp-content/plugins/HT-Poi/
inurl:/plugins/HT-Poi/
inurl:/wp-content/plugins/nmedia-user-file-uploader/
inurl:/wp-content/plugins/foxypress/
inurl:/wp-content/plugins/comment-extra-field/
inurl:/wp-content/plugins/asset-manager/
inurl:/wp-content/plugins/wordpress-member-private-conversation/
inurl:/wp-content/plugins/gallery-plugin/
inurl:/wp-content/plugins/fcchat/
inurl:/wp-content/plugins/font-uploader/
inurl:/wp-content/plugins/mm-forms-community/
inurl:/wp-content/plugins/videowhisper-video-presentation/
inurl:/wp-content/plugins/hungred-post-thumbnail/
inurl:/wp-content/plugins/pdw-file-browser/
inurl:/wp-content/plugins/picturesurf-gallery/
/wp-content/plugins/allwebmenus-wordpress-menu-plugin/actions.php
inurl:plugins/sb-uploader
inurl:plugins/deans-fckeditor-with-pwwangs-code-plugin-for-wordpress/
inurl:wp-content/plugins/topquark/lib/js/fancyupload/showcase/batch/
inurl:wp-content/plugins/custom-content-type-manager/
inurl:wp-content/plugins/user-meta/framework/helper/
inurl:/styles/admin_tpl/
inurl:wp-content/plugins/pica-photo-gallery/
inurl:wp-content/plugins/drag-drop-file-uploader/
inurl:module_fichier/upload/upload_filemanager.php
inurl:/modules/fileManager/xupload.php
inurl:/wp-content/plugins/videowhisper-video-conference-integration/
inurl:/media/easyflashuploader/swfs/
inurl:/wp-content/plugins/auctionPlugin/
inurl:/modules/mod_jfancy/
inurl:/images/idoblog/upload
inurl:/components/com_dv/externals
inurl:/modules/mod_artuploader/
inurl:/wp-content/plugins/contus-hd-flv-player/
inurl:/wp-content/plugins/contus-video-galleryversion-10/
inurl:/administrator/components/com_simpleswfupload
inurl:/wp-content/plugins/annonces/admin/
inurl:/wp-content/plugins/evarisk/
inurl:/wp-content/plugins/invit0r/
inurl:/wp-content/plugins/zingiri-web-shop/
inurl:/components/com_maianmedia/
inurl:/modules/mod_dionefileuploader/
inurl:/components/com_hwdvideoshare
inurl:/wp-content/themes/deep-blue/
inurl:/wp-content/plugins/lim4wp/
inurl:/wp-content/themes/famous/
inurl:/wp-content/plugins/lb-mixed-slideshow/
